../Core/Src/lcd_rgb.c:371:6:LCD_RGB_Init	8	static
../Core/Src/lcd_rgb.c:566:6:LCD_SetLayer	0	static
../Core/Src/lcd_rgb.c:610:6:LCD_SetColor	0	static
../Core/Src/lcd_rgb.c:662:6:LCD_SetBackColor	0	static
../Core/Src/lcd_rgb.c:712:6:LCD_SetFont	0	static
../Core/Src/lcd_rgb.c:728:6:LCD_DisplayDirection	0	static
../Core/Src/lcd_rgb.c:742:6:LCD_Clear	8	static
../Core/Src/lcd_rgb.c:791:6:LCD_ClearRect	16	static
../Core/Src/lcd_rgb.c:833:6:LCD_DrawPoint	8	static
../Core/Src/lcd_rgb.c:894:10:LCD_ReadPoint	4	static
../Core/Src/lcd_rgb.c:955:6:LCD_DisplayChar	36	static
../Core/Src/lcd_rgb.c:1005:6:LCD_DisplayString	24	static
../Core/Src/lcd_rgb.c:1030:6:LCD_SetTextFont	0	static
../Core/Src/lcd_rgb.c:1060:6:LCD_DisplayChinese	36	static
../Core/Src/lcd_rgb.c:1125:6:LCD_DisplayText	24	static
../Core/Src/lcd_rgb.c:1158:6:LCD_ShowNumMode	0	static
../Core/Src/lcd_rgb.c:1181:7:LCD_DisplayNumber	40	static
../Core/Src/lcd_rgb.c:1222:7:LCD_DisplayDecimals	56	static
../Core/Src/lcd_rgb.c:1254:7:LCD_DrawImage	48	static
../Core/Src/lcd_rgb.c:1309:6:LCD_DrawLine	48	static
../Core/Src/lcd_rgb.c:1389:6:LCD_DrawRect	64	static
../Core/Src/lcd_rgb.c:1414:6:LCD_DrawCircle	48	static
../Core/Src/lcd_rgb.c:1450:6:LCD_DrawEllipse	48	static
../Core/Src/lcd_rgb.c:1514:6:LCD_FillRect	16	static
../Core/Src/lcd_rgb.c:1558:6:LCD_CopyBuffer	12	static
../Core/Src/lcd_rgb.c:1589:6:LCD_FillCircle	88	static
