../Core/Src/stm32h7xx_it.c:82:6:NMI_Handler	0	static
../Core/Src/stm32h7xx_it.c:97:6:HardFault_Handler	24	static,ignoring_inline_asm
../Core/Src/stm32h7xx_it.c:129:6:MemManage_Handler	8	static
../Core/Src/stm32h7xx_it.c:144:6:BusFault_Handler	0	static
../Core/Src/stm32h7xx_it.c:159:6:UsageFault_Handler	0	static
../Core/Src/stm32h7xx_it.c:174:6:DebugMon_Handler	0	static
../Core/Src/stm32h7xx_it.c:187:6:SysTick_Handler	8	static
../Core/Src/stm32h7xx_it.c:216:6:DMA1_Stream0_IRQHandler	0	static
../Core/Src/stm32h7xx_it.c:230:6:DMA1_Stream1_IRQHandler	0	static
../Core/Src/stm32h7xx_it.c:244:6:FMC_IRQHandler	0	static
../Core/Src/stm32h7xx_it.c:258:6:SDMMC1_IRQHandler	0	static
../Core/Src/stm32h7xx_it.c:272:6:LTDC_IRQHandler	0	static
../Core/Src/stm32h7xx_it.c:286:6:LTDC_ER_IRQHandler	0	static
../Core/Src/stm32h7xx_it.c:300:6:DMA2D_IRQHandler	0	static
../Core/Src/stm32h7xx_it.c:314:6:MDMA_IRQHandler	0	static
../Core/Src/stm32h7xx_it.c:327:13:get_fault_register_name	0	static
